// Jest Snapshot v1, https://goo.gl/fbAQLP

exports[`should render edit invoice 1`] = `
<div>
  <h1>
    Edit Invoice
  </h1>
  <InvoiceForm
    invoice={
      Object {
        "amount": 2503,
        "createdAt": -345600000,
        "description": "desc2",
        "id": "2",
        "note": "note2",
      }
    }
    onSubmit={[Function]}
  />
  <button
    onClick={[Function]}
  >
    Remove
  </button>
</div>
`;
